[2026-04-30 08:10:03] local.ERROR: Command "inspire" is not defined. {"exception":"[object] (Symfony\\Component\\Console\\Exception\\CommandNotFoundException(code: 0): Command \"inspire\" is not defined. at C:/laragon/www/laravel-sb-admin-2/vendor/symfony/console/Application.php:759)
[stacktrace]
#0 C:/laragon/www/laravel-sb-admin-2/vendor/symfony/console/Application.php(298): Symfony/Component/Console/Application->find('inspire')
#1 C:/laragon/www/laravel-sb-admin-2/vendor/symfony/console/Application.php(195): Symfony/Component/Console/Application->doRun(Object(Symfony/Component/Console/Input/ArgvInput), Object(Symfony/Component/Console/Output/ConsoleOutput))
#2 C:/laragon/www/laravel-sb-admin-2/vendor/laravel/framework/src/Illuminate/Foundation/Console/Kernel.php(198): Symfony/Component/Console/Application->run(Object(Symfony/Component/Console/Input/ArgvInput), Object(Symfony/Component/Console/Output/ConsoleOutput))
#3 C:/laragon/www/laravel-sb-admin-2/artisan(35): Illuminate/Foundation/Console/Kernel->handle(Object(Symfony/Component/Console/Input/ArgvInput), Object(Symfony/Component/Console/Output/ConsoleOutput))
#4 {main}
"} 
[2026-04-30 08:19:14] local.ERROR: rename(C:\laragon\www\laravel-sb-admin-2\bootstrap\cache\pacD24F.tmp,C:\laragon\www\laravel-sb-admin-2\bootstrap\cache\packages.php): Access is denied (code: 5) {"exception":"[object] (ErrorException(code: 0): rename(C:\\laragon\\www\\laravel-sb-admin-2\\bootstrap\\cache\\pacD24F.tmp,C:\\laragon\\www\\laravel-sb-admin-2\\bootstrap\\cache\\packages.php): Access is denied (code: 5) at C:/laragon/www/laravel-sb-admin-2/vendor/laravel/framework/src/Illuminate/Filesystem/Filesystem.php:233)
[stacktrace]
#0 C:/laragon/www/laravel-sb-admin-2/vendor/laravel/framework/src/Illuminate/Foundation/Bootstrap/HandleExceptions.php(258): Illuminate/Foundation/Bootstrap/HandleExceptions->handleError(2, 'rename(C://larag...', 'C://laragon//www//...', 233)
#1 [internal function]: Illuminate/Foundation/Bootstrap/HandleExceptions->{closure:Illuminate/Foundation/Bootstrap/HandleExceptions::forwardsTo():257}(2, 'rename(C://larag...', 'C://laragon//www//...', 233)
#2 C:/laragon/www/laravel-sb-admin-2/vendor/laravel/framework/src/Illuminate/Filesystem/Filesystem.php(233): rename('C://laragon//www//...', 'C://laragon//www//...')
#3 C:/laragon/www/laravel-sb-admin-2/vendor/laravel/framework/src/Illuminate/Foundation/PackageManifest.php(182): Illuminate/Filesystem/Filesystem->replace('C://laragon//www//...', '<?php return ar...')
#4 C:/laragon/www/laravel-sb-admin-2/vendor/laravel/framework/src/Illuminate/Foundation/PackageManifest.php(132): Illuminate/Foundation/PackageManifest->write(Array)
#5 C:/laragon/www/laravel-sb-admin-2/vendor/laravel/framework/src/Illuminate/Foundation/Console/PackageDiscoverCommand.php(37): Illuminate/Foundation/PackageManifest->build()
#6 C:/laragon/www/laravel-sb-admin-2/vendor/laravel/framework/src/Illuminate/Container/BoundMethod.php(36): Illuminate/Foundation/Console/PackageDiscoverCommand->handle(Object(Illuminate/Foundation/PackageManifest))
#7 C:/laragon/www/laravel-sb-admin-2/vendor/laravel/framework/src/Illuminate/Container/Util.php(43): Illuminate/Container/BoundMethod::{closure:Illuminate/Container/BoundMethod::call():35}()
#8 C:/laragon/www/laravel-sb-admin-2/vendor/laravel/framework/src/Illuminate/Container/BoundMethod.php(96): Illuminate/Container/Util::unwrapIfClosure(Object(Closure))
#9 C:/laragon/www/laravel-sb-admin-2/vendor/laravel/framework/src/Illuminate/Container/BoundMethod.php(35): Illuminate/Container/BoundMethod::callBoundMethod(Object(Illuminate/Foundation/Application), Array, Object(Closure))
#10 C:/laragon/www/laravel-sb-admin-2/vendor/laravel/framework/src/Illuminate/Container/Container.php(799): Illuminate/Container/BoundMethod::call(Object(Illuminate/Foundation/Application), Array, Array, NULL)
#11 C:/laragon/www/laravel-sb-admin-2/vendor/laravel/framework/src/Illuminate/Console/Command.php(280): Illuminate/Container/Container->call(Array)
#12 C:/laragon/www/laravel-sb-admin-2/vendor/symfony/console/Command/Command.php(341): Illuminate/Console/Command->execute(Object(Symfony/Component/Console/Input/ArgvInput), Object(Illuminate/Console/OutputStyle))
#13 C:/laragon/www/laravel-sb-admin-2/vendor/laravel/framework/src/Illuminate/Console/Command.php(249): Symfony/Component/Console/Command/Command->run(Object(Symfony/Component/Console/Input/ArgvInput), Object(Illuminate/Console/OutputStyle))
#14 C:/laragon/www/laravel-sb-admin-2/vendor/symfony/console/Application.php(1117): Illuminate/Console/Command->run(Object(Symfony/Component/Console/Input/ArgvInput), Object(Symfony/Component/Console/Output/ConsoleOutput))
#15 C:/laragon/www/laravel-sb-admin-2/vendor/symfony/console/Application.php(356): Symfony/Component/Console/Application->doRunCommand(Object(Illuminate/Foundation/Console/PackageDiscoverCommand), Object(Symfony/Component/Console/Input/ArgvInput), Object(Symfony/Component/Console/Output/ConsoleOutput))
#16 C:/laragon/www/laravel-sb-admin-2/vendor/symfony/console/Application.php(195): Symfony/Component/Console/Application->doRun(Object(Symfony/Component/Console/Input/ArgvInput), Object(Symfony/Component/Console/Output/ConsoleOutput))
#17 C:/laragon/www/laravel-sb-admin-2/vendor/laravel/framework/src/Illuminate/Foundation/Console/Kernel.php(198): Symfony/Component/Console/Application->run(Object(Symfony/Component/Console/Input/ArgvInput), Object(Symfony/Component/Console/Output/ConsoleOutput))
#18 C:/laragon/www/laravel-sb-admin-2/vendor/laravel/framework/src/Illuminate/Foundation/Application.php(1235): Illuminate/Foundation/Console/Kernel->handle(Object(Symfony/Component/Console/Input/ArgvInput), Object(Symfony/Component/Console/Output/ConsoleOutput))
#19 C:/laragon/www/laravel-sb-admin-2/artisan(15): Illuminate/Foundation/Application->handleCommand(Object(Symfony/Component/Console/Input/ArgvInput))
#20 {main}
"} 
[2026-04-30 08:57:21] local.ERROR: rename(C:\laragon\www\laravel-sb-admin-2\bootstrap\cache\pacB854.tmp,C:\laragon\www\laravel-sb-admin-2\bootstrap\cache\packages.php): Access is denied (code: 5) {"exception":"[object] (ErrorException(code: 0): rename(C:\\laragon\\www\\laravel-sb-admin-2\\bootstrap\\cache\\pacB854.tmp,C:\\laragon\\www\\laravel-sb-admin-2\\bootstrap\\cache\\packages.php): Access is denied (code: 5) at C:/laragon/www/laravel-sb-admin-2/vendor/laravel/framework/src/Illuminate/Filesystem/Filesystem.php:233)
[stacktrace]
#0 C:/laragon/www/laravel-sb-admin-2/vendor/laravel/framework/src/Illuminate/Foundation/Bootstrap/HandleExceptions.php(258): Illuminate/Foundation/Bootstrap/HandleExceptions->handleError(2, 'rename(C://larag...', 'C://laragon//www//...', 233)
#1 [internal function]: Illuminate/Foundation/Bootstrap/HandleExceptions->{closure:Illuminate/Foundation/Bootstrap/HandleExceptions::forwardsTo():257}(2, 'rename(C://larag...', 'C://laragon//www//...', 233)
#2 C:/laragon/www/laravel-sb-admin-2/vendor/laravel/framework/src/Illuminate/Filesystem/Filesystem.php(233): rename('C://laragon//www//...', 'C://laragon//www//...')
#3 C:/laragon/www/laravel-sb-admin-2/vendor/laravel/framework/src/Illuminate/Foundation/PackageManifest.php(182): Illuminate/Filesystem/Filesystem->replace('C://laragon//www//...', '<?php return ar...')
#4 C:/laragon/www/laravel-sb-admin-2/vendor/laravel/framework/src/Illuminate/Foundation/PackageManifest.php(132): Illuminate/Foundation/PackageManifest->write(Array)
#5 C:/laragon/www/laravel-sb-admin-2/vendor/laravel/framework/src/Illuminate/Foundation/Console/PackageDiscoverCommand.php(37): Illuminate/Foundation/PackageManifest->build()
#6 C:/laragon/www/laravel-sb-admin-2/vendor/laravel/framework/src/Illuminate/Container/BoundMethod.php(36): Illuminate/Foundation/Console/PackageDiscoverCommand->handle(Object(Illuminate/Foundation/PackageManifest))
#7 C:/laragon/www/laravel-sb-admin-2/vendor/laravel/framework/src/Illuminate/Container/Util.php(43): Illuminate/Container/BoundMethod::{closure:Illuminate/Container/BoundMethod::call():35}()
#8 C:/laragon/www/laravel-sb-admin-2/vendor/laravel/framework/src/Illuminate/Container/BoundMethod.php(96): Illuminate/Container/Util::unwrapIfClosure(Object(Closure))
#9 C:/laragon/www/laravel-sb-admin-2/vendor/laravel/framework/src/Illuminate/Container/BoundMethod.php(35): Illuminate/Container/BoundMethod::callBoundMethod(Object(Illuminate/Foundation/Application), Array, Object(Closure))
#10 C:/laragon/www/laravel-sb-admin-2/vendor/laravel/framework/src/Illuminate/Container/Container.php(799): Illuminate/Container/BoundMethod::call(Object(Illuminate/Foundation/Application), Array, Array, NULL)
#11 C:/laragon/www/laravel-sb-admin-2/vendor/laravel/framework/src/Illuminate/Console/Command.php(280): Illuminate/Container/Container->call(Array)
#12 C:/laragon/www/laravel-sb-admin-2/vendor/symfony/console/Command/Command.php(341): Illuminate/Console/Command->execute(Object(Symfony/Component/Console/Input/ArgvInput), Object(Illuminate/Console/OutputStyle))
#13 C:/laragon/www/laravel-sb-admin-2/vendor/laravel/framework/src/Illuminate/Console/Command.php(249): Symfony/Component/Console/Command/Command->run(Object(Symfony/Component/Console/Input/ArgvInput), Object(Illuminate/Console/OutputStyle))
#14 C:/laragon/www/laravel-sb-admin-2/vendor/symfony/console/Application.php(1117): Illuminate/Console/Command->run(Object(Symfony/Component/Console/Input/ArgvInput), Object(Symfony/Component/Console/Output/ConsoleOutput))
#15 C:/laragon/www/laravel-sb-admin-2/vendor/symfony/console/Application.php(356): Symfony/Component/Console/Application->doRunCommand(Object(Illuminate/Foundation/Console/PackageDiscoverCommand), Object(Symfony/Component/Console/Input/ArgvInput), Object(Symfony/Component/Console/Output/ConsoleOutput))
#16 C:/laragon/www/laravel-sb-admin-2/vendor/symfony/console/Application.php(195): Symfony/Component/Console/Application->doRun(Object(Symfony/Component/Console/Input/ArgvInput), Object(Symfony/Component/Console/Output/ConsoleOutput))
#17 C:/laragon/www/laravel-sb-admin-2/vendor/laravel/framework/src/Illuminate/Foundation/Console/Kernel.php(198): Symfony/Component/Console/Application->run(Object(Symfony/Component/Console/Input/ArgvInput), Object(Symfony/Component/Console/Output/ConsoleOutput))
#18 C:/laragon/www/laravel-sb-admin-2/vendor/laravel/framework/src/Illuminate/Foundation/Application.php(1235): Illuminate/Foundation/Console/Kernel->handle(Object(Symfony/Component/Console/Input/ArgvInput), Object(Symfony/Component/Console/Output/ConsoleOutput))
#19 C:/laragon/www/laravel-sb-admin-2/artisan(15): Illuminate/Foundation/Application->handleCommand(Object(Symfony/Component/Console/Input/ArgvInput))
#20 {main}
"} 
[2026-04-30 09:12:44] local.ERROR: Class "App\Providers\RateLimiter" not found {"exception":"[object] (Error(code: 0): Class \"App\\Providers\\RateLimiter\" not found at C:/laragon/www/laravel-sb-admin-2/app/Providers/AppServiceProvider.php:23)
[stacktrace]
#0 C:/laragon/www/laravel-sb-admin-2/vendor/laravel/framework/src/Illuminate/Container/BoundMethod.php(36): App/Providers/AppServiceProvider->boot()
#1 C:/laragon/www/laravel-sb-admin-2/vendor/laravel/framework/src/Illuminate/Container/Util.php(43): Illuminate/Container/BoundMethod::{closure:Illuminate/Container/BoundMethod::call():35}()
#2 C:/laragon/www/laravel-sb-admin-2/vendor/laravel/framework/src/Illuminate/Container/BoundMethod.php(96): Illuminate/Container/Util::unwrapIfClosure(Object(Closure))
#3 C:/laragon/www/laravel-sb-admin-2/vendor/laravel/framework/src/Illuminate/Container/BoundMethod.php(35): Illuminate/Container/BoundMethod::callBoundMethod(Object(Illuminate/Foundation/Application), Array, Object(Closure))
#4 C:/laragon/www/laravel-sb-admin-2/vendor/laravel/framework/src/Illuminate/Container/Container.php(799): Illuminate/Container/BoundMethod::call(Object(Illuminate/Foundation/Application), Array, Array, NULL)
#5 C:/laragon/www/laravel-sb-admin-2/vendor/laravel/framework/src/Illuminate/Foundation/Application.php(1151): Illuminate/Container/Container->call(Array)
#6 C:/laragon/www/laravel-sb-admin-2/vendor/laravel/framework/src/Illuminate/Foundation/Application.php(1132): Illuminate/Foundation/Application->bootProvider(Object(App/Providers/AppServiceProvider))
#7 [internal function]: Illuminate/Foundation/Application->{closure:Illuminate/Foundation/Application::boot():1131}(Object(App/Providers/AppServiceProvider), 'App//Providers//A...')
#8 C:/laragon/www/laravel-sb-admin-2/vendor/laravel/framework/src/Illuminate/Foundation/Application.php(1131): array_walk(Array, Object(Closure))
#9 C:/laragon/www/laravel-sb-admin-2/vendor/laravel/framework/src/Illuminate/Foundation/Bootstrap/BootProviders.php(17): Illuminate/Foundation/Application->boot()
#10 C:/laragon/www/laravel-sb-admin-2/vendor/laravel/framework/src/Illuminate/Foundation/Application.php(342): Illuminate/Foundation/Bootstrap/BootProviders->bootstrap(Object(Illuminate/Foundation/Application))
#11 C:/laragon/www/laravel-sb-admin-2/vendor/laravel/framework/src/Illuminate/Foundation/Console/Kernel.php(494): Illuminate/Foundation/Application->bootstrapWith(Array)
#12 C:/laragon/www/laravel-sb-admin-2/vendor/laravel/framework/src/Illuminate/Foundation/Console/Kernel.php(196): Illuminate/Foundation/Console/Kernel->bootstrap()
#13 C:/laragon/www/laravel-sb-admin-2/vendor/laravel/framework/src/Illuminate/Foundation/Application.php(1235): Illuminate/Foundation/Console/Kernel->handle(Object(Symfony/Component/Console/Input/ArgvInput), Object(Symfony/Component/Console/Output/ConsoleOutput))
#14 C:/laragon/www/laravel-sb-admin-2/artisan(15): Illuminate/Foundation/Application->handleCommand(Object(Symfony/Component/Console/Input/ArgvInput))
#15 {main}
"} 
[2026-04-30 09:12:44] local.ERROR: Class "App\Providers\RateLimiter" not found {"exception":"[object] (Error(code: 0): Class \"App\\Providers\\RateLimiter\" not found at C:/laragon/www/laravel-sb-admin-2/app/Providers/AppServiceProvider.php:23)
[stacktrace]
#0 C:/laragon/www/laravel-sb-admin-2/vendor/laravel/framework/src/Illuminate/Container/BoundMethod.php(36): App/Providers/AppServiceProvider->boot()
#1 C:/laragon/www/laravel-sb-admin-2/vendor/laravel/framework/src/Illuminate/Container/Util.php(43): Illuminate/Container/BoundMethod::{closure:Illuminate/Container/BoundMethod::call():35}()
#2 C:/laragon/www/laravel-sb-admin-2/vendor/laravel/framework/src/Illuminate/Container/BoundMethod.php(96): Illuminate/Container/Util::unwrapIfClosure(Object(Closure))
#3 C:/laragon/www/laravel-sb-admin-2/vendor/laravel/framework/src/Illuminate/Container/BoundMethod.php(35): Illuminate/Container/BoundMethod::callBoundMethod(Object(Illuminate/Foundation/Application), Array, Object(Closure))
#4 C:/laragon/www/laravel-sb-admin-2/vendor/laravel/framework/src/Illuminate/Container/Container.php(799): Illuminate/Container/BoundMethod::call(Object(Illuminate/Foundation/Application), Array, Array, NULL)
#5 C:/laragon/www/laravel-sb-admin-2/vendor/laravel/framework/src/Illuminate/Foundation/Application.php(1151): Illuminate/Container/Container->call(Array)
#6 C:/laragon/www/laravel-sb-admin-2/vendor/laravel/framework/src/Illuminate/Foundation/Application.php(1132): Illuminate/Foundation/Application->bootProvider(Object(App/Providers/AppServiceProvider))
#7 [internal function]: Illuminate/Foundation/Application->{closure:Illuminate/Foundation/Application::boot():1131}(Object(App/Providers/AppServiceProvider), 'App//Providers//A...')
#8 C:/laragon/www/laravel-sb-admin-2/vendor/laravel/framework/src/Illuminate/Foundation/Application.php(1131): array_walk(Array, Object(Closure))
#9 C:/laragon/www/laravel-sb-admin-2/vendor/laravel/framework/src/Illuminate/Foundation/Bootstrap/BootProviders.php(17): Illuminate/Foundation/Application->boot()
#10 C:/laragon/www/laravel-sb-admin-2/vendor/laravel/framework/src/Illuminate/Foundation/Application.php(342): Illuminate/Foundation/Bootstrap/BootProviders->bootstrap(Object(Illuminate/Foundation/Application))
#11 C:/laragon/www/laravel-sb-admin-2/vendor/laravel/framework/src/Illuminate/Foundation/Console/Kernel.php(494): Illuminate/Foundation/Application->bootstrapWith(Array)
#12 C:/laragon/www/laravel-sb-admin-2/vendor/laravel/framework/src/Illuminate/Foundation/Console/Kernel.php(196): Illuminate/Foundation/Console/Kernel->bootstrap()
#13 C:/laragon/www/laravel-sb-admin-2/vendor/laravel/framework/src/Illuminate/Foundation/Application.php(1235): Illuminate/Foundation/Console/Kernel->handle(Object(Symfony/Component/Console/Input/ArgvInput), Object(Symfony/Component/Console/Output/ConsoleOutput))
#14 C:/laragon/www/laravel-sb-admin-2/artisan(15): Illuminate/Foundation/Application->handleCommand(Object(Symfony/Component/Console/Input/ArgvInput))
#15 {main}
"} 
[2026-04-30 09:13:16] local.ERROR: Class "App\Providers\RateLimiter" not found {"exception":"[object] (Error(code: 0): Class \"App\\Providers\\RateLimiter\" not found at C:/laragon/www/laravel-sb-admin-2/app/Providers/AppServiceProvider.php:23)
[stacktrace]
#0 C:/laragon/www/laravel-sb-admin-2/vendor/laravel/framework/src/Illuminate/Container/BoundMethod.php(36): App/Providers/AppServiceProvider->boot()
#1 C:/laragon/www/laravel-sb-admin-2/vendor/laravel/framework/src/Illuminate/Container/Util.php(43): Illuminate/Container/BoundMethod::{closure:Illuminate/Container/BoundMethod::call():35}()
#2 C:/laragon/www/laravel-sb-admin-2/vendor/laravel/framework/src/Illuminate/Container/BoundMethod.php(96): Illuminate/Container/Util::unwrapIfClosure(Object(Closure))
#3 C:/laragon/www/laravel-sb-admin-2/vendor/laravel/framework/src/Illuminate/Container/BoundMethod.php(35): Illuminate/Container/BoundMethod::callBoundMethod(Object(Illuminate/Foundation/Application), Array, Object(Closure))
#4 C:/laragon/www/laravel-sb-admin-2/vendor/laravel/framework/src/Illuminate/Container/Container.php(799): Illuminate/Container/BoundMethod::call(Object(Illuminate/Foundation/Application), Array, Array, NULL)
#5 C:/laragon/www/laravel-sb-admin-2/vendor/laravel/framework/src/Illuminate/Foundation/Application.php(1151): Illuminate/Container/Container->call(Array)
#6 C:/laragon/www/laravel-sb-admin-2/vendor/laravel/framework/src/Illuminate/Foundation/Application.php(1132): Illuminate/Foundation/Application->bootProvider(Object(App/Providers/AppServiceProvider))
#7 [internal function]: Illuminate/Foundation/Application->{closure:Illuminate/Foundation/Application::boot():1131}(Object(App/Providers/AppServiceProvider), 'App//Providers//A...')
#8 C:/laragon/www/laravel-sb-admin-2/vendor/laravel/framework/src/Illuminate/Foundation/Application.php(1131): array_walk(Array, Object(Closure))
#9 C:/laragon/www/laravel-sb-admin-2/vendor/laravel/framework/src/Illuminate/Foundation/Bootstrap/BootProviders.php(17): Illuminate/Foundation/Application->boot()
#10 C:/laragon/www/laravel-sb-admin-2/vendor/laravel/framework/src/Illuminate/Foundation/Application.php(342): Illuminate/Foundation/Bootstrap/BootProviders->bootstrap(Object(Illuminate/Foundation/Application))
#11 C:/laragon/www/laravel-sb-admin-2/vendor/laravel/framework/src/Illuminate/Foundation/Console/Kernel.php(494): Illuminate/Foundation/Application->bootstrapWith(Array)
#12 C:/laragon/www/laravel-sb-admin-2/vendor/laravel/framework/src/Illuminate/Foundation/Console/Kernel.php(196): Illuminate/Foundation/Console/Kernel->bootstrap()
#13 C:/laragon/www/laravel-sb-admin-2/vendor/laravel/framework/src/Illuminate/Foundation/Application.php(1235): Illuminate/Foundation/Console/Kernel->handle(Object(Symfony/Component/Console/Input/ArgvInput), Object(Symfony/Component/Console/Output/ConsoleOutput))
#14 C:/laragon/www/laravel-sb-admin-2/artisan(15): Illuminate/Foundation/Application->handleCommand(Object(Symfony/Component/Console/Input/ArgvInput))
#15 {main}
"} 
[2026-04-30 09:14:53] local.ERROR: rename(C:\laragon\www\laravel-sb-admin-2\bootstrap\cache\pacC7A8.tmp,C:\laragon\www\laravel-sb-admin-2\bootstrap\cache\packages.php): Access is denied (code: 5) {"exception":"[object] (ErrorException(code: 0): rename(C:\\laragon\\www\\laravel-sb-admin-2\\bootstrap\\cache\\pacC7A8.tmp,C:\\laragon\\www\\laravel-sb-admin-2\\bootstrap\\cache\\packages.php): Access is denied (code: 5) at C:/laragon/www/laravel-sb-admin-2/vendor/laravel/framework/src/Illuminate/Filesystem/Filesystem.php:233)
[stacktrace]
#0 C:/laragon/www/laravel-sb-admin-2/vendor/laravel/framework/src/Illuminate/Foundation/Bootstrap/HandleExceptions.php(258): Illuminate/Foundation/Bootstrap/HandleExceptions->handleError(2, 'rename(C://larag...', 'C://laragon//www//...', 233)
#1 [internal function]: Illuminate/Foundation/Bootstrap/HandleExceptions->{closure:Illuminate/Foundation/Bootstrap/HandleExceptions::forwardsTo():257}(2, 'rename(C://larag...', 'C://laragon//www//...', 233)
#2 C:/laragon/www/laravel-sb-admin-2/vendor/laravel/framework/src/Illuminate/Filesystem/Filesystem.php(233): rename('C://laragon//www//...', 'C://laragon//www//...')
#3 C:/laragon/www/laravel-sb-admin-2/vendor/laravel/framework/src/Illuminate/Foundation/PackageManifest.php(182): Illuminate/Filesystem/Filesystem->replace('C://laragon//www//...', '<?php return ar...')
#4 C:/laragon/www/laravel-sb-admin-2/vendor/laravel/framework/src/Illuminate/Foundation/PackageManifest.php(132): Illuminate/Foundation/PackageManifest->write(Array)
#5 C:/laragon/www/laravel-sb-admin-2/vendor/laravel/framework/src/Illuminate/Foundation/Console/PackageDiscoverCommand.php(37): Illuminate/Foundation/PackageManifest->build()
#6 C:/laragon/www/laravel-sb-admin-2/vendor/laravel/framework/src/Illuminate/Container/BoundMethod.php(36): Illuminate/Foundation/Console/PackageDiscoverCommand->handle(Object(Illuminate/Foundation/PackageManifest))
#7 C:/laragon/www/laravel-sb-admin-2/vendor/laravel/framework/src/Illuminate/Container/Util.php(43): Illuminate/Container/BoundMethod::{closure:Illuminate/Container/BoundMethod::call():35}()
#8 C:/laragon/www/laravel-sb-admin-2/vendor/laravel/framework/src/Illuminate/Container/BoundMethod.php(96): Illuminate/Container/Util::unwrapIfClosure(Object(Closure))
#9 C:/laragon/www/laravel-sb-admin-2/vendor/laravel/framework/src/Illuminate/Container/BoundMethod.php(35): Illuminate/Container/BoundMethod::callBoundMethod(Object(Illuminate/Foundation/Application), Array, Object(Closure))
#10 C:/laragon/www/laravel-sb-admin-2/vendor/laravel/framework/src/Illuminate/Container/Container.php(799): Illuminate/Container/BoundMethod::call(Object(Illuminate/Foundation/Application), Array, Array, NULL)
#11 C:/laragon/www/laravel-sb-admin-2/vendor/laravel/framework/src/Illuminate/Console/Command.php(280): Illuminate/Container/Container->call(Array)
#12 C:/laragon/www/laravel-sb-admin-2/vendor/symfony/console/Command/Command.php(341): Illuminate/Console/Command->execute(Object(Symfony/Component/Console/Input/ArgvInput), Object(Illuminate/Console/OutputStyle))
#13 C:/laragon/www/laravel-sb-admin-2/vendor/laravel/framework/src/Illuminate/Console/Command.php(249): Symfony/Component/Console/Command/Command->run(Object(Symfony/Component/Console/Input/ArgvInput), Object(Illuminate/Console/OutputStyle))
#14 C:/laragon/www/laravel-sb-admin-2/vendor/symfony/console/Application.php(1117): Illuminate/Console/Command->run(Object(Symfony/Component/Console/Input/ArgvInput), Object(Symfony/Component/Console/Output/ConsoleOutput))
#15 C:/laragon/www/laravel-sb-admin-2/vendor/symfony/console/Application.php(356): Symfony/Component/Console/Application->doRunCommand(Object(Illuminate/Foundation/Console/PackageDiscoverCommand), Object(Symfony/Component/Console/Input/ArgvInput), Object(Symfony/Component/Console/Output/ConsoleOutput))
#16 C:/laragon/www/laravel-sb-admin-2/vendor/symfony/console/Application.php(195): Symfony/Component/Console/Application->doRun(Object(Symfony/Component/Console/Input/ArgvInput), Object(Symfony/Component/Console/Output/ConsoleOutput))
#17 C:/laragon/www/laravel-sb-admin-2/vendor/laravel/framework/src/Illuminate/Foundation/Console/Kernel.php(198): Symfony/Component/Console/Application->run(Object(Symfony/Component/Console/Input/ArgvInput), Object(Symfony/Component/Console/Output/ConsoleOutput))
#18 C:/laragon/www/laravel-sb-admin-2/vendor/laravel/framework/src/Illuminate/Foundation/Application.php(1235): Illuminate/Foundation/Console/Kernel->handle(Object(Symfony/Component/Console/Input/ArgvInput), Object(Symfony/Component/Console/Output/ConsoleOutput))
#19 C:/laragon/www/laravel-sb-admin-2/artisan(15): Illuminate/Foundation/Application->handleCommand(Object(Symfony/Component/Console/Input/ArgvInput))
#20 {main}
"} 
[2026-04-30 10:04:17] local.ERROR: __VSCODE_LARAVEL_STARTUP_ERROR__: rename(C:\laragon\www\laravel-sb-admin-2\bootstrap\cache\serCE.tmp,C:\laragon\www\laravel-sb-admin-2\bootstrap\cache\services.php): Access is denied (code: 5) {"exception":"[object] (Error(code: 0): __VSCODE_LARAVEL_STARTUP_ERROR__: rename(C:\\laragon\\www\\laravel-sb-admin-2\\bootstrap\\cache\\serCE.tmp,C:\\laragon\\www\\laravel-sb-admin-2\\bootstrap\\cache\\services.php): Access is denied (code: 5) at C:/laragon/www/laravel-sb-admin-2/vendor/_laravel_ide/discover-5802e590a92e23606bb54d2909564178.php:33)
[stacktrace]
#0 C:/laragon/www/laravel-sb-admin-2/vendor/_laravel_ide/discover-5802e590a92e23606bb54d2909564178.php(62): LaravelVsCode::startupError(Object(ErrorException))
#1 {main}
"} 
[2026-04-30 10:04:17] local.ERROR: __VSCODE_LARAVEL_STARTUP_ERROR__: rename(C:\laragon\www\laravel-sb-admin-2\bootstrap\cache\serDE.tmp,C:\laragon\www\laravel-sb-admin-2\bootstrap\cache\services.php): Access is denied (code: 5) {"exception":"[object] (Error(code: 0): __VSCODE_LARAVEL_STARTUP_ERROR__: rename(C:\\laragon\\www\\laravel-sb-admin-2\\bootstrap\\cache\\serDE.tmp,C:\\laragon\\www\\laravel-sb-admin-2\\bootstrap\\cache\\services.php): Access is denied (code: 5) at C:/laragon/www/laravel-sb-admin-2/vendor/_laravel_ide/discover-6d96201ad95cad12367117063c707ebf.php:33)
[stacktrace]
#0 C:/laragon/www/laravel-sb-admin-2/vendor/_laravel_ide/discover-6d96201ad95cad12367117063c707ebf.php(62): LaravelVsCode::startupError(Object(ErrorException))
#1 {main}
"} 
